Command: C:\Users\Petch\.espressif\python_env\idf5.5_py3.11_env\Scripts\python.exe C:\Users\Petch\esp\v5.5.1\esp-idf\tools/idf_monitor.py -p COM3 -b 115200 --toolchain-prefix xtensa-esp32-elf- --target esp32 --revision 0 C:\Users\Petch\OneDrive\Documents\VScode\Week-13-ESP32-Orchestra\ESP32_Orchestra_IDF\conductor\build\esp32_orchestra_conductor.elf C:\Users\Petch\OneDrive\Documents\VScode\Week-13-ESP32-Orchestra\ESP32_Orchestra_IDF\conductor\build\bootloader\bootloader.elf --force-color -m 'C:\Users\Petch\.espressif\python_env\idf5.5_py3.11_env\Scripts\python.exe' 'C:\Users\Petch\esp\v5.5.1\esp-idf\tools\idf.py'
ï¿½ets Jul 29 2019 12:21:46

rst:0x1 (POWERON_RESET),boot:0x13 (SPI_FAST_FLASH_BOOT)
configsip: 0, SPIWP:0xee
clk_drv:0x00,q_drv:0x00,d_drv:0x00,cs0_drv:0x00,hd_drv:0x00,wp_drv:0x00
mode:DIO, clock div:2
load:0x3fff0030,len:6380
ho 0 tail 12 room 4
load:0x40078000,len:15916
load:0x40080400,len:3860
entry 0x40080638
[0;32mI (29) boot: ESP-IDF v5.5.1 2nd stage bootloader[0m
[0;32mI (29) boot: compile time Oct  7 2025 10:17:58[0m
[0;32mI (29) boot: Multicore bootloader[0m
[0;32mI (31) boot: chip revision: v3.1[0m
[0;32mI (33) boot.esp32: SPI Speed      : 40MHz[0m
[0;32mI (37) boot.esp32: SPI Mode       : DIO[0m
[0;32mI (41) boot.esp32: SPI Flash Size : 2MB[0m
[0;32mI (44) boot: Enabling RNG early entropy source...[0m
[0;32mI (49) boot: Partition Table:[0m
[0;32mI (51) boot: ## Label            Usage          Type ST Offset   Length[0m
[0;32mI (58) boot:  0 nvs              WiFi data        01 02 00009000 00006000[0m
[0;32mI (64) boot:  1 phy_init         RF data          01 01 0000f000 00001000[0m
[0;32mI (71) boot:  2 factory          factory app      00 00 00010000 00100000[0m
[0;32mI (77) boot: End of partition table[0m
[0;32mI (81) esp_image: segment 0: paddr=00010020 vaddr=3f400020 size=19fd0h (106448) map[0m
[0;32mI (124) esp_image: segment 1: paddr=00029ff8 vaddr=3ffb0000 size=03f2ch ( 16172) load[0m
[0;32mI (131) esp_image: segment 2: paddr=0002df2c vaddr=40080000 size=020ech (  8428) load[0m
[0;32mI (134) esp_image: segment 3: paddr=00030020 vaddr=400d0020 size=84730h (542512) map[0m
[1;31mE (321) esp_image: invalid segment length 0xffffffff[0m
[1;31mE (321) boot: Factory app partition is not bootable[0m
[1;31mE (321) boot: No bootable app partitions in the partition table[0m
ets Jul 29 2019 12:21:46

rst:0x3 (SW_RESET),boot:0x13 (SPI_FAST_FLASH_BOOT)
configsip: 0, SPIWP:0xee
clk_drv:0x00,q_drv:0x00,d_drv:0x00,cs0_drv:0x00,hd_drv:0x00,wp_drv:0x00
mode:DIO, clock div:2
load:0x3fff0030,len:6380
ho 0 tail 12 room 4
load:0x40078000,len:15916
load:0x40080400,len:3860
entry 0x40080638
[0;32mI (56) boot: ESP-IDF v5.5.1 2nd stage bootloader[0m
[0;32mI (56) boot: compile time Oct  7 2025 10:17:58[0m
[0;32mI (56) boot: Multicore bootloader[0m
[0;32mI (58) boot: chip revision: v3.1[0m
[0;32mI (61) boot.esp32: SPI Speed      : 40MHz[0m
[0;32mI (65) boot.esp32: SPI Mode       : DIO[0m
[0;32mI (68) boot.esp32: SPI Flash Size : 2MB[0m
[0;32mI (72) boot: Enabling RNG early entropy source...[0m
[0;32mI (77) boot: Partition Table:[0m
[0;32mI (79) boot: ## Label            Usage          Type ST Offset   Length[0m
[0;32mI (85) boot:  0 nvs              WiFi data        01 02 00009000 00006000[0m
[0;32mI (92) boot:  1 phy_init         RF data          01 01 0000f000 00001000[0m
[0;32mI (99) boot:  2 factory          factory app      00 00 00010000 00100000[0m
[0;32mI (105) boot: End of partition table[0m
[0;32mI (108) esp_image: segment 0: paddr=00010020 vaddr=3f400020 size=19fd0h (106448) map[0m
[0;32mI (152) esp_image: segment 1: paddr=00029ff8 vaddr=3ffb0000 size=03f2ch ( 16172) load[0m
[0;32mI (159) esp_image: segment 2: paddr=0002df2c vaddr=40080000 size=020ech (  8428) load[0m
[0;32mI (162) esp_image: segment 3: paddr=00030020 vaddr=400d0020 size=84730h (542512) map[0m
[1;31mE (349) esp_image: invalid segment length 0xffffffff[0m
[1;31mE (349) boot: Factory app partition is not bootable[0m
[1;31mE (349) boot: No bootable app partitions in the partition table[0m
ets Jul 29 2019 12:21:46

rst:0x3 (SW_RESET),boot:0x13 (SPI_FAST_FLASH_BOOT)
configsip: 0, SPIWP:0xee
clk_drv:0x00,q_drv:0x00,d_drv:0x00,cs0_drv:0x00,hd_drv:0x00,wp_drv:0x00
mode:DIO, clock div:2
load:0x3fff0030,len:6380
ho 0 tail 12 room 4
load:0x40078000,len:15916
load:0x40080400,len:3860
entry 0x40080638
[0;32mI (56) boot: ESP-IDF v5.5.1 2nd stage bootloader[0m
[0;32mI (56) boot: compile time Oct  7 2025 10:17:58[0m
[0;32mI (56) boot: Multicore bootloader[0m
[0;32mI (58) boot: chip revision: v3.1[0m
[0;32mI (61) boot.esp32: SPI Speed      : 40MHz[0m
[0;32mI (65) boot.esp32: SPI Mode       : DIO[0m
[0;32mI (68) boot.esp32: SPI Flash Size : 2MB[0m
[0;32mI (72) boot: Enabling RNG early entropy source...[0m
[0;32mI (77) boot: Partition Table:[0m
[0;32mI (79) boot: ## Label            Usage          Type ST Offset   Length[0m
[0;32mI (85) boot:  0 nvs              WiFi data        01 02 00009000 00006000[0m
[0;32mI (92) boot:  1 phy_init         RF data          01 01 0000f000 00001000[0m
[0;32mI (99) boot:  2 factory          factory app      00 00 00010000 00100000[0m
[0;32mI (105) boot: End of partition table[0m
[0;32mI (108) esp_image: segment 0: paddr=00010020 vaddr=3f400020 size=19fd0h (106448) map[0m
[0;32mI (152) esp_image: segment 1: paddr=00029ff8 vaddr=3ffb0000 size=03f2ch ( 16172) load[0m
[0;32mI (159) esp_image: segment 2: paddr=0002df2c vaddr=40080000 size=020ech (  8428) load[0m
[0;32mI (162) esp_image: segment 3: paddr=00030020 vaddr=400d0020 size=84730h (542512) map[0m
[1;31mE (349) esp_image: invalid segment length 0xffffffff[0m
[1;31mE (349) boot: Factory app partition is not bootable[0m
[1;31mE (349) boot: No bootable app partitions in the partition table[0m
ets Jul 29 2019 12:21:46

rst:0x3 (SW_RESET),boot:0x13 (SPI_FAST_FLASH_BOOT)
configsip: 0, SPIWP:0xee
clk_drv:0x00,q_drv:0x00,d_drv:0x00,cs0_drv:0x00,hd_drv:0x00,wp_drv:0x00
mode:DIO, clock div:2
load:0x3fff0030,len:6380
ho 0 tail 12 room 4
load:0x40078000,len:15916
load:0x40080400,len:3860
entry 0x40080638
[0;32mI (56) boot: ESP-IDF v5.5.1 2nd stage bootloader[0m
[0;32mI (56) boot: compile time Oct  7 2025 10:17:58[0m
[0;32mI (56) boot: Multicore bootloader[0m
[0;32mI (58) boot: chip revision: v3.1[0m
[0;32mI (61) boot.esp32: SPI Speed      : 40MHz[0m
[0;32mI (65) boot.esp32: SPI Mode       : DIO[0m
[0;32mI (68) boot.esp32: SPI Flash Size : 2MB[0m
[0;32mI (72) boot: Enabling RNG early entropy source...[0m
[0;32mI (77) boot: Partition Table:[0m
[0;32mI (79) boot: ## Label            Usage          Type ST Offset   Length[0m
[0;32mI (85) boot:  0 nvs              WiFi data        01 02 00009000 00006000[0m
[0;32mI (92) boot:  1 phy_init         RF data          01 01 0000f000 00001000[0m
[0;32mI (99) boot:  2 factory          factory app      00 00 00010000 00100000[0m
[0;32mI (105) boot: End of partition table[0m
[0;32mI (108) esp_image: segment 0: paddr=00010020 vaddr=3f400020 size=19fd0h (106448) map[0m
[0;32mI (152) esp_image: segment 1: paddr=00029ff8 vaddr=3ffb0000 size=03f2ch ( 16172) load[0m
[0;32mI (159) esp_image: segment 2: paddr=0002df2c vaddr=40080000 size=020ech (  8428) load[0m
[0;32mI (162) esp_image: segment 3: paddr=00030020 vaddr=400d0020 size=84730h (542512) map[0m
[1;31mE (349) esp_image: invalid segment length 0xffffffff[0m
[1;31mE (349) boot: Factory app partition is not bootable[0m
[1;31mE (349) boot: No bootable app partitions in the partition table[0m
ets Jul 29 2019 12:21:46

rst:0x3 (SW_RESET),boot:0x13 (SPI_FAST_FLASH_BOOT)
configsip: 0, SPIWP:0xee
clk_drv:0x00,q_drv:0x00,d_drv:0x00,cs0_drv:0x00,hd_drv:0x00,wp_drv:0x00
mode:DIO, clock div:2
load:0x3fff0030,len:6380
ho 0 tail 12 room 4
load:0x40078000,len:15916
load:0x40080400,len:3860
entry 0x40080638
[0;32mI (56) boot: ESP-IDF v5.5.1 2nd stage bootloader[0m
[0;32mI (56) boot: compile time Oct  7 2025 10:17:58[0m
[0;32mI (56) boot: Multicore bootloader[0m
[0;32mI (58) boot: chip revision: v3.1[0m
[0;32mI (61) boot.esp32: SPI Speed      : 40MHz[0m
[0;32mI (65) boot.esp32: SPI Mode       : DIO[0m
[0;32mI (68) boot.esp32: SPI Flash Size : 2MB[0m
[0;32mI (72) boot: Enabling RNG early entropy source...[0m
[0;32mI (77) boot: Partition Table:[0m
[0;32mI (79) boot: ## Label            Usage          Type ST Offset   Length[0m
[0;32mI (85) boot:  0 nvs              WiFi data        01 02 00009000 00006000[0m
[0;32mI (92) boot:  1 phy_init         RF data          01 01 0000f000 00001000[0m
[0;32mI (99) boot:  2 factory          factory app      00 00 00010000 00100000[0m
[0;32mI (105) boot: End of partition table[0m
[0;32mI (108) esp_image: segment 0: paddr=00010020 vaddr=3f400020 size=19fd0h (106448) map[0m
[0;32mI (152) esp_image: segment 1: paddr=00029ff8 vaddr=3ffb0000 size=03f2ch ( 16172) load[0m
[0;32mI (159) esp_image: segment 2: paddr=0002df2c vaddr=40080000 size=020ech (  8428) load[0m
[0;32mI (162) esp_image: segment 3: paddr=00030020 vaddr=400d0020 size=84730h (542512) map[0m
[1;31mE (349) esp_image: invalid segment length 0xffffffff[0m
[1;31mE (349) boot: Factory app partition is not bootable[0m
[1;31mE (349) boot: No bootable app partitions in the partition table[0m
ets Jul 29 2019 12:21:46

rst:0x3 (SW_RESET),boot:0x13 (SPI_FAST_FLASH_BOOT)
configsip: 0, SPIWP:0xee
clk_drv:0x00,q_drv:0x00,d_drv:0x00,cs0_drv:0x00,hd_drv:0x00,wp_drv:0x00
mode:DIO, clock div:2
load:0x3fff0030,len:6380
ho 0 tail 12 room 4
load:0x40078000,len:15916
load:0x40080400,len:3860
entry 0x40080638
[0;32mI (56) boot: ESP-IDF v5.5.1 2nd stage bootloader[0m
[0;32mI (56) boot: compile time Oct  7 2025 10:17:58[0m
[0;32mI (56) boot: Multicore bootloader[0m
[0;32mI (58) boot: chip revision: v3.1[0m
[0;32mI (61) boot.esp32: SPI Speed      : 40MHz[0m
[0;32mI (65) boot.esp32: SPI Mode       : DIO[0m
[0;32mI (68) boot.esp32: SPI Flash Size : 2MB[0m
[0;32mI (72) boot: Enabling RNG early entropy source...[0m
[0;32mI (77) boot: Partition Table:[0m
[0;32mI (79) boot: ## Label            Usage          Type ST Offset   Length[0m
[0;32mI (85) boot:  0 nvs              WiFi data        01 02 00009000 00006000[0m
[0;32mI (92) boot:  1 phy_init         RF data          01 01 0000f000 00001000[0m
[0;32mI (99) boot:  2 factory          factory app      00 00 00010000 00100000[0m
[0;32mI (105) boot: End of partition table[0m
[0;32mI (108) esp_image: segment 0: paddr=00010020 vaddr=3f400020 size=19fd0h (106448) map[0m
[0;32mI (152) esp_image: segment 1: paddr=00029ff8 vaddr=3ffb0000 size=03f2ch ( 16172) load[0m
[0;32mI (159) esp_image: segment 2: paddr=0002df2c vaddr=40080000 size=020ech (  8428) load[0m
[0;32mI (162) esp_image: segment 3: paddr=00030020 vaddr=400d0020 size=84730h (542512) map[0m
[1;31mE (349) esp_image: invalid segment length 0xffffffff[0m
[1;31mE (349) boot: Factory app partition is not bootable[0m
[1;31mE (349) boot: No bootable app partitions in the partition table[0m
ets Jul 29 2019 12:21:46

rst:0x3 (SW_RESET),boot:0x13 (SPI_FAST_FLASH_BOOT)
configsip: 0, SPIWP:0xee
clk_drv:0x00,q_drv:0x00,d_drv:0x00,cs0_drv:0x00,hd_drv:0x00,wp_drv:0x00
mode:DIO, clock div:2
load:0x3fff0030,len:6380
ho 0 tail 12 room 4
load:0x40078000,len:15916
load:0x40080400,len:3860
entry 0x40080638
[0;32mI (56) boot: ESP-IDF v5.5.1 2nd stage bootloader[0m
[0;32mI (56) boot: compile time Oct  7 2025 10:17:58[0m
[0;32mI (56) boot: Multicore bootloader[0m
[0;32mI (58) boot: chip revision: v3.1[0m
[0;32mI (61) boot.esp32: SPI Speed      : 40MHz[0m
[0;32mI (65) boot.esp32: SPI Mode       : DIO[0m
[0;32mI (68) boot.esp32: SPI Flash Size : 2MB[0m
[0;32mI (72) boot: Enabling RNG early entropy source...[0m
[0;32mI (77) boot: Partition Table:[0m
[0;32mI (79) boot: ## Label            Usage          Type ST Offset   Length[0m
[0;32mI (85) boot:  0 nvs              WiFi data        01 02 00009000 00006000[0m
[0;32mI (92) boot:  1 phy_init         RF data          01 01 0000f000 00001000[0m
[0;32mI (99) boot:  2 factory          factory app      00 00 00010000 00100000[0m
[0;32mI (105) boot: End of partition table[0m
[0;32mI (108) esp_image: segment 0: paddr=00010020 vaddr=3f400020 size=19fd0h (106448) map[0m
[0;32mI (152) esp_image: segment 1: paddr=00029ff8 vaddr=3ffb0000 size=03f2ch ( 16172) load[0m
[0;32mI (159) esp_image: segment 2: paddr=0002df2c vaddr=40080000 size=020ech (  8428) load[0m
[0;32mI (162) esp_image: segment 3: paddr=00030020 vaddr=400d0020 size=84730h (542512) map[0m
[1;31mE (349) esp_image: invalid segment length 0xffffffff[0m
[1;31mE (349) boot: Factory app partition is not bootable[0m
[1;31mE (349) boot: No bootable app partitions in the partition table[0m
ets Jul 29 2019 12:21:46

rst:0x3 (SW_RESET),boot:0x13 (SPI_FAST_FLASH_BOOT)
configsip: 0, SPIWP:0xee
clk_drv:0x00,q_drv:0x00,d_drv:0x00,cs0_drv:0x00,hd_drv:0x00,wp_drv:0x00
mode:DIO, clock div:2
load:0x3fff0030,len:6380
ho 0 tail 12 room 4
load:0x40078000,len:15916
load:0x40080400,len:3860
entry 0x40080638
[0;32mI (56) boot: ESP-IDF v5.5.1 2nd stage bootloader[0m
[0;32mI (56) boot: compile time Oct  7 2025 10:17:58[0m
[0;32mI (56) boot: Multicore bootloader[0m
[0;32mI (58) boot: chip revision: v3.1[0m
[0;32mI (61) boot.esp32: SPI Speed      : 40MHz[0m
[0;32mI (65) boot.esp32: SPI Mode       : DIO[0m
[0;32mI (68) boot.esp32: SPI Flash Size : 2MB[0m
[0;32mI (72) boot: Enabling RNG early entropy source...[0m
[0;32mI (77) boot: Partition Table:[0m
[0;32mI (79) boot: ## Label            Usage          Type ST Offset   Length[0m
[0;32mI (85) boot:  0 nvs              WiFi data        01 02 00009000 00006000[0m
[0;32mI (92) boot:  1 phy_init         RF data          01 01 0000f000 00001000[0m
[0;32mI (99) boot:  2 factory          factory app      00 00 00010000 00100000[0m
[0;32mI (105) boot: End of partition table[0m
[0;32mI (108) esp_image: segment 0: paddr=00010020 vaddr=3f400020 size=19fd0h (106448) map[0m
[0;32mI (152) esp_image: segment 1: paddr=00029ff8 vaddr=3ffb0000 size=03f2ch ( 16172) load[0m
[0;32mI (159) esp_image: segment 2: paddr=0002df2c vaddr=40080000 size=020ech (  8428) load[0m
[0;32mI (162) esp_image: segment 3: paddr=00030020 vaddr=400d0020 size=84730h (542512) map[0m
[1;31mE (349) esp_image: invalid segment length 0xffffffff[0m
[1;31mE (349) boot: Factory app partition is not bootable[0m
[1;31mE (349) boot: No bootable app partitions in the partition table[0m
ets Jul 29 2019 12:21:46

rst:0x3 (SW_RESET),boot:0x13 (SPI_FAST_FLASH_BOOT)
configsip: 0, SPIWP:0xee
clk_drv:0x00,q_drv:0x00,d_drv:0x00,cs0_drv:0x00,hd_drv:0x00,wp_drv:0x00
mode:DIO, clock div:2
load:0x3fff0030,len:6380
ho 0 tail 12 room 4
load:0x40078000,len:15916
load:0x40080400,len:3860
entry 0x40080638
[0;32mI (56) boot: ESP-IDF v5.5.1 2nd stage bootloader[0m
[0;32mI (56) boot: compile time Oct  7 2025 10:17:58[0m
[0;32mI (56) boot: Multicore bootloader[0m
[0;32mI (58) boot: chip revision: v3.1[0m
[0;32mI (61) boot.esp32: SPI Speed      : 40MHz[0m
[0;32mI (65) boot.esp32: SPI Mode       : DIO[0m
[0;32mI (68) boot.esp32: SPI Flash Size : 2MB[0m
[0;32mI (72) boot: Enabling RNG early entropy source...[0m
[0;32mI (77) boot: Partition Table:[0m
[0;32mI (79) boot: ## Label            Usage          Type ST Offset   Length[0m
[0;32mI (85) boot:  0 nvs              WiFi data        01 02 00009000 00006000[0m
[0;32mI (92) boot:  1 phy_init         RF data          01 01 0000f000 00001000[0m
[0;32mI (99) boot:  2 factory          factory app      00 00 00010000 00100000[0m
[0;32mI (105) boot: End of partition table[0m
[0;32mI (108) esp_image: segment 0: paddr=00010020 vaddr=3f400020 size=19fd0h (106448) map[0m
[0;32mI (152) esp_image: segment 1: paddr=00029ff8 vaddr=3ffb0000 size=03f2ch ( 16172) load[0m
[0;32mI (159) esp_image: segment 2: paddr=0002df2c vaddr=40080000 size=020ech (  8428) load[0m
[0;32mI (162) esp_image: segment 3: paddr=00030020 vaddr=400d0020 size=84730h (542512) map[0m
[1;31mE (349) esp_image: invalid segment length 0xffffffff[0m
[1;31mE (349) boot: Factory app partition is not bootable[0m
[1;31mE (349) boot: No bootable app partitions in the partition table[0m
ets Jul 29 2019 12:21:46

rst:0x3 (SW_RESET),boot:0x13 (SPI_FAST_FLASH_BOOT)
configsip: 0, SPIWP:0xee
clk_drv:0x00,q_drv:0x00,d_drv:0x00,cs0_drv:0x00,hd_drv:0x00,wp_drv:0x00
mode:DIO, clock div:2
load:0x3fff0030,len:6380
ho 0 tail 12 room 4
load:0x40078000,len:15916
load:0x40080400,len:3860
entry 0x40080638
[0;32mI (56) boot: ESP-IDF v5.5.1 2nd stage bootloader[0m
[0;32mI (56) boot: compile time Oct  7 2025 10:17:58[0m
[0;32mI (56) boot: Multicore bootloader[0m
[0;32mI (58) boot: chip revision: v3.1[0m
[0;32mI (61) boot.esp32: SPI Speed      : 40MHz[0m
[0;32mI (65) boot.esp32: SPI Mode       : DIO[0m
[0;32mI (68) boot.esp32: SPI Flash Size : 2MB[0m
[0;32mI (72) boot: Enabling RNG early entropy source...[0m
[0;32mI (77) boot: Partition Table:[0m
[0;32mI (79) boot: ## Label            Usage          Type ST Offset   Length[0m
[0;32mI (85) boot:  0 nvs              WiFi data        01 02 00009000 00006000[0m
[0;32mI (92) boot:  1 phy_init         RF data          01 01 0000f000 00001000[0m
[0;32mI (99) boot:  2 factory          factory app      00 00 00010000 00100000[0m
[0;32mI (105) boot: End of partition table[0m
[0;32mI (108) esp_image: segment 0: paddr=00010020 vaddr=3f400020 size=19fd0h (106448) map[0m
[0;32mI (152) esp_image: segment 1: paddr=00029ff8 vaddr=3ffb0000 size=03f2ch ( 16172) load[0m
[0;32mI (159) esp_image: segment 2: paddr=0002df2c vaddr=40080000 size=020ech (  8428) load[0m
[0;32mI (162) esp_image: segment 3: paddr=00030020 vaddr=400d0020 size=84730h (542512) map[0m
[1;31mE (349) esp_image: invalid segment length 0xffffffff[0m
[1;31mE (349) boot: Factory app partition is not bootable[0m
[1;31mE (349) boot: No bootable app partitions in the partition table[0m
ets Jul 29 2019 12:21:46

rst:0x3 (SW_RESET),boot:0x13 (SPI_FAST_FLASH_BOOT)
configsip: 0, SPIWP:0xee
clk_drv:0x00,q_drv:0x00,d_drv:0x00,cs0_drv:0x00,hd_drv:0x00,wp_drv:0x00
mode:DIO, clock div:2
load:0x3fff0030,len:6380
ho 0 tail 12 room 4
load:0x40078000,len:15916
load:0x40080400,len:3860
entry 0x40080638
[0;32mI (56) boot: ESP-IDF v5.5.1 2nd stage bootloader[0m
[0;32mI (56) boot: compile time Oct  7 2025 10:17:58[0m
[0;32mI (56) boot: Multicore bootloader[0m
[0;32mI (58) boot: chip revision: v3.1[0m
[0;32mI (61) boot.esp32: SPI Speed      : 40MHz[0m
[0;32mI (65) boot.esp32: SPI Mode       : DIO[0m
[0;32mI (68) boot.esp32: SPI Flash Size : 2MB[0m
[0;32mI (72) boot: Enabling RNG early entropy source...[0m
[0;32mI (77) boot: Partition Table:[0m
[0;32mI (79) boot: ## Label            Usage          Type ST Offset   Length[0m
[0;32mI (85) boot:  0 nvs              WiFi data        01 02 00009000 00006000[0m
[0;32mI (92) boot:  1 phy_init         RF data          01 01 0000f000 00001000[0m
[0;32mI (99) boot:  2 factory          factory app      00 00 00010000 00100000[0m
[0;32mI (105) boot: End of partition table[0m
[0;32mI (108) esp_image: segment 0: paddr=00010020 vaddr=3f400020 size=19fd0h (106448) map[0m
[0;32mI (152) esp_image: segment 1: paddr=00029ff8 vaddr=3ffb0000 size=03f2ch ( 16172) load[0m
[0;32mI (159) esp_image: segment 2: paddr=0002df2c vaddr=40080000 size=020ech (  8428) load[0m
[0;32mI (162) esp_image: segment 3: paddr=00030020 vaddr=400d0020 size=84730h (542512) map[0m
